I'm sorry, but errors were detected in your script. Please correct the
errors listed below, and try again.


File "game/script.rpy", line 142: 'mage' is not a keyword argument or valid child of the screen statement.
    mage Solid("#cbac20")
        ^

Ren'Py Version: Ren'Py 8.2.0.24012702
Wed Apr 10 23:44:36 2024
